
===========================================================================
 report_power
============================================================================
======================= Fastest Corner ===================================

Group                  Internal  Switching    Leakage      Total
                          Power      Power      Power      Power (Watts)
----------------------------------------------------------------
Sequential             2.51e-05   1.00e-05   2.17e-10   3.51e-05  34.9%
Combinational          3.49e-05   3.06e-05   2.88e-09   6.55e-05  65.1%
Macro                  0.00e+00   0.00e+00   0.00e+00   0.00e+00   0.0%
Pad                    0.00e+00   0.00e+00   0.00e+00   0.00e+00   0.0%
----------------------------------------------------------------
Total                  6.00e-05   4.06e-05   3.10e-09   1.01e-04 100.0%
                          59.6%      40.3%       0.0%

======================= Slowest Corner ===================================

Group                  Internal  Switching    Leakage      Total
                          Power      Power      Power      Power (Watts)
----------------------------------------------------------------
Sequential             1.71e-05   6.67e-06   1.97e-07   2.40e-05  34.3%
Combinational          2.53e-05   2.01e-05   5.39e-07   4.59e-05  65.7%
Macro                  0.00e+00   0.00e+00   0.00e+00   0.00e+00   0.0%
Pad                    0.00e+00   0.00e+00   0.00e+00   0.00e+00   0.0%
----------------------------------------------------------------
Total                  4.24e-05   2.68e-05   7.37e-07   6.99e-05 100.0%
                          60.6%      38.3%       1.1%

======================= Typical Corner ===================================

Group                  Internal  Switching    Leakage      Total
                          Power      Power      Power      Power (Watts)
----------------------------------------------------------------
Sequential             2.17e-05   8.48e-06   1.10e-10   3.02e-05  34.7%
Combinational          3.10e-05   2.58e-05   2.44e-09   5.68e-05  65.3%
Macro                  0.00e+00   0.00e+00   0.00e+00   0.00e+00   0.0%
Pad                    0.00e+00   0.00e+00   0.00e+00   0.00e+00   0.0%
----------------------------------------------------------------
Total                  5.27e-05   3.43e-05   2.55e-09   8.70e-05 100.0%
                          60.6%      39.4%       0.0%

