
===========================================================================
 report_power
============================================================================
======================= Fastest Corner ===================================

Group                  Internal  Switching    Leakage      Total
                          Power      Power      Power      Power (Watts)
----------------------------------------------------------------
Sequential             5.47e-06   3.57e-06   4.50e-08   9.09e-06  30.6%
Combinational          7.41e-06   1.32e-05   2.51e-09   2.06e-05  69.4%
Macro                  0.00e+00   0.00e+00   0.00e+00   0.00e+00   0.0%
Pad                    0.00e+00   0.00e+00   0.00e+00   0.00e+00   0.0%
----------------------------------------------------------------
Total                  1.29e-05   1.67e-05   4.75e-08   2.97e-05 100.0%
                          43.4%      56.4%       0.2%

======================= Slowest Corner ===================================

Group                  Internal  Switching    Leakage      Total
                          Power      Power      Power      Power (Watts)
----------------------------------------------------------------
Sequential             3.82e-06   2.40e-06   1.79e-07   6.40e-06  30.5%
Combinational          5.53e-06   8.66e-06   4.11e-07   1.46e-05  69.5%
Macro                  0.00e+00   0.00e+00   0.00e+00   0.00e+00   0.0%
Pad                    0.00e+00   0.00e+00   0.00e+00   0.00e+00   0.0%
----------------------------------------------------------------
Total                  9.35e-06   1.11e-05   5.91e-07   2.10e-05 100.0%
                          44.5%      52.7%       2.8%

======================= Typical Corner ===================================

Group                  Internal  Switching    Leakage      Total
                          Power      Power      Power      Power (Watts)
----------------------------------------------------------------
Sequential             4.75e-06   3.04e-06   4.49e-08   7.83e-06  30.5%
Combinational          6.75e-06   1.11e-05   2.27e-09   1.78e-05  69.5%
Macro                  0.00e+00   0.00e+00   0.00e+00   0.00e+00   0.0%
Pad                    0.00e+00   0.00e+00   0.00e+00   0.00e+00   0.0%
----------------------------------------------------------------
Total                  1.15e-05   1.41e-05   4.72e-08   2.57e-05 100.0%
                          44.8%      55.0%       0.2%

