
===========================================================================
 report_power
============================================================================
======================= Fastest Corner ===================================

Group                  Internal  Switching    Leakage      Total
                          Power      Power      Power      Power (Watts)
----------------------------------------------------------------
Sequential             1.39e-02   8.58e-04   1.20e-07   1.48e-02  34.2%
Combinational          1.47e-02   1.37e-02   5.99e-07   2.84e-02  65.8%
Macro                  0.00e+00   0.00e+00   0.00e+00   0.00e+00   0.0%
Pad                    0.00e+00   0.00e+00   0.00e+00   0.00e+00   0.0%
----------------------------------------------------------------
Total                  2.86e-02   1.45e-02   7.19e-07   4.31e-02 100.0%
                          66.4%      33.6%       0.0%

======================= Slowest Corner ===================================

Group                  Internal  Switching    Leakage      Total
                          Power      Power      Power      Power (Watts)
----------------------------------------------------------------
Sequential             9.36e-03   5.63e-04   1.21e-04   1.00e-02  33.9%
Combinational          1.04e-02   8.98e-03   2.33e-04   1.96e-02  66.1%
Macro                  0.00e+00   0.00e+00   0.00e+00   0.00e+00   0.0%
Pad                    0.00e+00   0.00e+00   0.00e+00   0.00e+00   0.0%
----------------------------------------------------------------
Total                  1.98e-02   9.55e-03   3.54e-04   2.97e-02 100.0%
                          66.6%      32.2%       1.2%

======================= Typical Corner ===================================

Group                  Internal  Switching    Leakage      Total
                          Power      Power      Power      Power (Watts)
----------------------------------------------------------------
Sequential             1.20e-02   7.21e-04   6.94e-08   1.27e-02  34.2%
Combinational          1.28e-02   1.15e-02   2.72e-07   2.44e-02  65.8%
Macro                  0.00e+00   0.00e+00   0.00e+00   0.00e+00   0.0%
Pad                    0.00e+00   0.00e+00   0.00e+00   0.00e+00   0.0%
----------------------------------------------------------------
Total                  2.48e-02   1.23e-02   3.42e-07   3.71e-02 100.0%
                          66.9%      33.1%       0.0%

