
===========================================================================
report_checks -unconstrained
===========================================================================
======================= Fastest Corner ===================================

Startpoint: data_in[6] (input port clocked by __VIRTUAL_CLK__)
Endpoint: opcode[6] (output port clocked by __VIRTUAL_CLK__)
Path Group: __VIRTUAL_CLK__
Path Type: max
Corner: Fastest

Fanout     Cap    Slew   Delay    Time   Description
-----------------------------------------------------------------------------
                  0.00    0.00    0.00   clock __VIRTUAL_CLK__ (rise edge)
                          0.00    0.00   clock network delay (ideal)
                          2.00    2.00 ^ input external delay
                  0.01    0.01    2.01 ^ data_in[6] (in)
     1    0.00                           data_in[6] (net)
                  0.01    0.00    2.01 ^ input29/A (sky130_fd_sc_hd__buf_1)
                  0.20    0.17    2.18 ^ input29/X (sky130_fd_sc_hd__buf_1)
     1    0.02                           net29 (net)
                  0.20    0.00    2.18 ^ _34_/A (sky130_fd_sc_hd__clkbuf_2)
                  0.10    0.15    2.33 ^ _34_/X (sky130_fd_sc_hd__clkbuf_2)
     1    0.02                           net85 (net)
                  0.10    0.00    2.33 ^ output85/A (sky130_fd_sc_hd__buf_2)
                  0.13    0.16    2.49 ^ output85/X (sky130_fd_sc_hd__buf_2)
     1    0.03                           opcode[6] (net)
                  0.13    0.00    2.49 ^ opcode[6] (out)
                                  2.49   data arrival time

                  0.00   10.00   10.00   clock __VIRTUAL_CLK__ (rise edge)
                          0.00   10.00   clock network delay (ideal)
                         -0.25    9.75   clock uncertainty
                          0.00    9.75   clock reconvergence pessimism
                         -2.00    7.75   output external delay
                                  7.75   data required time
-----------------------------------------------------------------------------
                                  7.75   data required time
                                 -2.49   data arrival time
-----------------------------------------------------------------------------
                                  5.26   slack (MET)



======================= Slowest Corner ===================================

Startpoint: data_in[6] (input port clocked by __VIRTUAL_CLK__)
Endpoint: opcode[6] (output port clocked by __VIRTUAL_CLK__)
Path Group: __VIRTUAL_CLK__
Path Type: max
Corner: Slowest

Fanout     Cap    Slew   Delay    Time   Description
-----------------------------------------------------------------------------
                  0.00    0.00    0.00   clock __VIRTUAL_CLK__ (rise edge)
                          0.00    0.00   clock network delay (ideal)
                          2.00    2.00 ^ input external delay
                  0.03    0.02    2.02 ^ data_in[6] (in)
     1    0.00                           data_in[6] (net)
                  0.03    0.00    2.02 ^ input29/A (sky130_fd_sc_hd__buf_1)
                  0.42    0.40    2.42 ^ input29/X (sky130_fd_sc_hd__buf_1)
     1    0.02                           net29 (net)
                  0.42    0.00    2.42 ^ _34_/A (sky130_fd_sc_hd__clkbuf_2)
                  0.20    0.45    2.87 ^ _34_/X (sky130_fd_sc_hd__clkbuf_2)
     1    0.02                           net85 (net)
                  0.20    0.00    2.88 ^ output85/A (sky130_fd_sc_hd__buf_2)
                  0.27    0.42    3.30 ^ output85/X (sky130_fd_sc_hd__buf_2)
     1    0.03                           opcode[6] (net)
                  0.27    0.00    3.30 ^ opcode[6] (out)
                                  3.30   data arrival time

                  0.00   10.00   10.00   clock __VIRTUAL_CLK__ (rise edge)
                          0.00   10.00   clock network delay (ideal)
                         -0.25    9.75   clock uncertainty
                          0.00    9.75   clock reconvergence pessimism
                         -2.00    7.75   output external delay
                                  7.75   data required time
-----------------------------------------------------------------------------
                                  7.75   data required time
                                 -3.30   data arrival time
-----------------------------------------------------------------------------
                                  4.45   slack (MET)



======================= Typical Corner ===================================

Startpoint: data_in[6] (input port clocked by __VIRTUAL_CLK__)
Endpoint: opcode[6] (output port clocked by __VIRTUAL_CLK__)
Path Group: __VIRTUAL_CLK__
Path Type: max
Corner: Typical

Fanout     Cap    Slew   Delay    Time   Description
-----------------------------------------------------------------------------
                  0.00    0.00    0.00   clock __VIRTUAL_CLK__ (rise edge)
                          0.00    0.00   clock network delay (ideal)
                          2.00    2.00 ^ input external delay
                  0.02    0.01    2.01 ^ data_in[6] (in)
     1    0.00                           data_in[6] (net)
                  0.02    0.00    2.01 ^ input29/A (sky130_fd_sc_hd__buf_1)
                  0.26    0.23    2.25 ^ input29/X (sky130_fd_sc_hd__buf_1)
     1    0.02                           net29 (net)
                  0.26    0.00    2.25 ^ _34_/A (sky130_fd_sc_hd__clkbuf_2)
                  0.13    0.24    2.49 ^ _34_/X (sky130_fd_sc_hd__clkbuf_2)
     1    0.02                           net85 (net)
                  0.13    0.00    2.49 ^ output85/A (sky130_fd_sc_hd__buf_2)
                  0.17    0.24    2.73 ^ output85/X (sky130_fd_sc_hd__buf_2)
     1    0.03                           opcode[6] (net)
                  0.17    0.00    2.73 ^ opcode[6] (out)
                                  2.73   data arrival time

                  0.00   10.00   10.00   clock __VIRTUAL_CLK__ (rise edge)
                          0.00   10.00   clock network delay (ideal)
                         -0.25    9.75   clock uncertainty
                          0.00    9.75   clock reconvergence pessimism
                         -2.00    7.75   output external delay
                                  7.75   data required time
-----------------------------------------------------------------------------
                                  7.75   data required time
                                 -2.73   data arrival time
-----------------------------------------------------------------------------
                                  5.02   slack (MET)




===========================================================================
report_checks --slack_max -0.01
============================================================================
======================= Fastest Corner ===================================

No paths found.

======================= Slowest Corner ===================================

No paths found.

======================= Typical Corner ===================================

No paths found.


===========================================================================
 report_check_types -max_slew -max_cap -max_fanout -violators
============================================================================
======================= Fastest Corner ===================================


======================= Slowest Corner ===================================


======================= Typical Corner ===================================



===========================================================================
report_parasitic_annotation -report_unannotated
============================================================================
Found 0 unannotated drivers.
Found 0 partially unannotated drivers.

===========================================================================
max slew violation count 0
max fanout violation count 0
max cap violation count 0
============================================================================

===========================================================================
check_setup -verbose -unconstrained_endpoints -multiple_clock -no_clock -no_input_delay -loops -generated_clocks
===========================================================================
