
===========================================================================
 report_power
============================================================================
======================= Fastest Corner ===================================

Group                  Internal  Switching    Leakage      Total
                          Power      Power      Power      Power (Watts)
----------------------------------------------------------------
Sequential             1.82e-03   1.42e-04   1.59e-08   1.96e-03  41.7%
Combinational          1.47e-03   1.27e-03   6.90e-08   2.74e-03  58.3%
Macro                  0.00e+00   0.00e+00   0.00e+00   0.00e+00   0.0%
Pad                    0.00e+00   0.00e+00   0.00e+00   0.00e+00   0.0%
----------------------------------------------------------------
Total                  3.28e-03   1.41e-03   8.49e-08   4.70e-03 100.0%
                          69.9%      30.1%       0.0%

======================= Slowest Corner ===================================

Group                  Internal  Switching    Leakage      Total
                          Power      Power      Power      Power (Watts)
----------------------------------------------------------------
Sequential             1.22e-03   9.31e-05   1.60e-05   1.33e-03  41.2%
Combinational          1.04e-03   8.29e-04   3.28e-05   1.90e-03  58.8%
Macro                  0.00e+00   0.00e+00   0.00e+00   0.00e+00   0.0%
Pad                    0.00e+00   0.00e+00   0.00e+00   0.00e+00   0.0%
----------------------------------------------------------------
Total                  2.26e-03   9.22e-04   4.87e-05   3.23e-03 100.0%
                          69.9%      28.6%       1.5%

======================= Typical Corner ===================================

Group                  Internal  Switching    Leakage      Total
                          Power      Power      Power      Power (Watts)
----------------------------------------------------------------
Sequential             1.56e-03   1.20e-04   9.19e-09   1.68e-03  41.7%
Combinational          1.29e-03   1.07e-03   3.12e-08   2.36e-03  58.3%
Macro                  0.00e+00   0.00e+00   0.00e+00   0.00e+00   0.0%
Pad                    0.00e+00   0.00e+00   0.00e+00   0.00e+00   0.0%
----------------------------------------------------------------
Total                  2.85e-03   1.19e-03   4.04e-08   4.04e-03 100.0%
                          70.5%      29.5%       0.0%

