
===========================================================================
report_checks -unconstrained
===========================================================================
======================= Typical Corner ===================================

Startpoint: opcode[3] (input port clocked by __VIRTUAL_CLK__)
Endpoint: _112_ (negative level-sensitive latch)
Path Group: unconstrained
Path Type: max

Fanout     Cap    Slew   Delay    Time   Description
-----------------------------------------------------------------------------
                          2.00    2.00 v input external delay
                  0.01    0.00    2.00 v opcode[3] (in)
     1    0.00                           opcode[3] (net)
                  0.01    0.00    2.00 v input14/A (sky130_fd_sc_hd__clkbuf_1)
                  0.02    0.07    2.08 v input14/X (sky130_fd_sc_hd__clkbuf_1)
     1    0.00                           net14 (net)
                  0.02    0.00    2.08 v _059_/A (sky130_fd_sc_hd__or4bb_4)
                  0.09    0.56    2.64 v _059_/X (sky130_fd_sc_hd__or4bb_4)
     5    0.01                           _022_ (net)
                  0.09    0.00    2.64 v _078_/D (sky130_fd_sc_hd__or4_4)
                  0.11    0.49    3.12 v _078_/X (sky130_fd_sc_hd__or4_4)
     5    0.02                           _039_ (net)
                  0.11    0.00    3.12 v _079_/B1 (sky130_fd_sc_hd__a21oi_2)
                  0.15    0.17    3.30 ^ _079_/Y (sky130_fd_sc_hd__a21oi_2)
     3    0.01                           _040_ (net)
                  0.15    0.00    3.30 ^ _089_/B (sky130_fd_sc_hd__or2_1)
                  0.04    0.12    3.42 ^ _089_/X (sky130_fd_sc_hd__or2_1)
     1    0.00                           _045_ (net)
                  0.04    0.00    3.42 ^ _090_/A (sky130_fd_sc_hd__clkbuf_1)
                  0.06    0.09    3.51 ^ _090_/X (sky130_fd_sc_hd__clkbuf_1)
     2    0.00                           _013_ (net)
                  0.06    0.00    3.51 ^ _112_/D (sky130_fd_sc_hd__dlxtn_1)
                                  3.51   data arrival time
-----------------------------------------------------------------------------
(Path is unconstrained)




===========================================================================
report_checks --slack_max -0.01
============================================================================
======================= Typical Corner ===================================

No paths found.


===========================================================================
 report_check_types -max_slew -max_cap -max_fanout -violators
============================================================================
======================= Typical Corner ===================================



===========================================================================
report_parasitic_annotation -report_unannotated
============================================================================
Found 118 unannotated drivers.
 funct3[0]
 funct3[1]
 funct3[2]
 funct7[0]
 funct7[1]
 funct7[2]
 funct7[3]
 funct7[4]
 funct7[5]
 funct7[6]
 opcode[0]
 opcode[1]
 opcode[2]
 opcode[3]
 opcode[4]
 opcode[5]
 opcode[6]
 _056_/X
 _057_/X
 _058_/X
 _059_/X
 _060_/X
 _061_/X
 _062_/X
 _063_/Y
 _064_/X
 _065_/X
 _066_/Y
 _067_/X
 _068_/Y
 _069_/X
 _070_/X
 _071_/X
 _072_/Y
 _073_/X
 _074_/Y
 _075_/X
 _076_/X
 _077_/X
 _078_/X
 _079_/Y
 _080_/Y
 _081_/Y
 _082_/X
 _083_/Y
 _084_/Y
 _085_/X
 _086_/Y
 _087_/X
 _088_/X
 _089_/X
 _090_/X
 _091_/Y
 _092_/Y
 _093_/X
 _094_/X
 _095_/X
 _096_/Y
 _097_/Y
 _098_/Y
 _099_/X
 _100_/Y
 _101_/Y
 _102_/X
 _103_/X
 _104_/Y
 _105_/X
 _106_/X
 _107_/X
 _108_/X
 _109_/X
 _110_/X
 _111_/X
 _112_/Q
 _113_/Q
 _114_/Q
 _115_/Q
 _116_/Q
 _117_/Q
 _118_/Q
 _119_/Q
 _120_/Q
 _121_/Q
 _122_/Q
 _123_/Q
 _124_/Q
 _125_/Q
 input1/X
 input10/X
 input11/X
 input12/X
 input13/X
 input14/X
 input15/X
 input16/X
 input17/X
 input2/X
 input3/X
 input4/X
 input5/X
 input6/X
 input7/X
 input8/X
 input9/X
 output18/X
 output19/X
 output20/X
 output21/X
 output22/X
 output23/X
 output24/X
 output25/X
 output26/X
 output27/X
 output28/X
 output29/X
 output30/X
 output31/X
Found 0 partially unannotated drivers.

===========================================================================
max slew violation count 0
max fanout violation count 0
max cap violation count 0
============================================================================

===========================================================================
check_setup -verbose -unconstrained_endpoints -multiple_clock -no_clock -no_input_delay -loops -generated_clocks
===========================================================================
Warning: There are 14 unclocked register/latch pins.
  _112_/GATE_N
  _113_/GATE_N
  _114_/GATE_N
  _115_/GATE_N
  _116_/GATE_N
  _117_/GATE_N
  _118_/GATE_N
  _119_/GATE_N
  _120_/GATE_N
  _121_/GATE_N
  _122_/GATE_N
  _123_/GATE_N
  _124_/GATE_N
  _125_/GATE_N
Warning: There are 28 unconstrained endpoints.
  alu_control[0]
  alu_control[1]
  alu_control[2]
  alu_control[3]
  alu_mux_in
  alu_mux_out
  br_enable
  br_mux_inv
  databus[0]
  databus[1]
  databus[2]
  imm_rd
  ram_w_enable
  register_w_enable
  _112_/D
  _113_/D
  _114_/D
  _115_/D
  _116_/D
  _117_/D
  _118_/D
  _119_/D
  _120_/D
  _121_/D
  _122_/D
  _123_/D
  _124_/D
  _125_/D
